-----------------------------------------------------------
Server listening on 5201
-----------------------------------------------------------
Accepted connection from 10.0.1.1, port 39254
[  5] local 10.0.2.2 port 5201 connected to 10.0.1.1 port 39264
[ ID] Interval           Transfer     Bitrate
[  5]   0.00-1.05   sec  5.25 MBytes  42.0 Mbits/sec                  
[  5]   1.05-2.06   sec  5.50 MBytes  45.6 Mbits/sec                  
[  5]   2.06-3.07   sec  5.38 MBytes  44.7 Mbits/sec                  
[  5]   3.07-4.03   sec  4.50 MBytes  39.2 Mbits/sec                  
[  5]   4.03-5.07   sec  4.00 MBytes  32.3 Mbits/sec                  
[  5]   5.07-6.07   sec  3.75 MBytes  31.6 Mbits/sec                  
[  5]   6.07-7.01   sec  2.88 MBytes  25.4 Mbits/sec                  
[  5]   7.01-8.07   sec  3.00 MBytes  23.9 Mbits/sec                  
[  5]   8.07-9.23   sec  1.25 MBytes  9.06 Mbits/sec                  
[  5]   9.23-10.29  sec   896 KBytes  6.93 Mbits/sec                  
[  5]  10.29-11.25  sec   768 KBytes  6.52 Mbits/sec                  
[  5]  11.25-12.31  sec   768 KBytes  5.96 Mbits/sec                  
[  5]  12.31-13.01  sec  4.38 MBytes  52.3 Mbits/sec                  
[  5]  13.01-14.11  sec  3.62 MBytes  27.6 Mbits/sec                  
[  5]  14.11-15.11  sec  2.38 MBytes  20.0 Mbits/sec                  
[  5]  15.11-16.07  sec  2.25 MBytes  19.6 Mbits/sec                  
[  5]  16.07-17.14  sec  2.25 MBytes  17.6 Mbits/sec                  
[  5]  17.14-18.15  sec  1.88 MBytes  15.5 Mbits/sec                  
[  5]  18.15-19.16  sec  1.62 MBytes  13.5 Mbits/sec                  
[  5]  19.16-20.08  sec  1.62 MBytes  14.8 Mbits/sec                  
[  5]  20.08-21.04  sec  2.00 MBytes  17.5 Mbits/sec                  
[  5]  21.04-22.10  sec  2.25 MBytes  17.9 Mbits/sec                  
[  5]  22.10-23.10  sec  1.75 MBytes  14.6 Mbits/sec                  
[  5]  23.10-24.11  sec  1.38 MBytes  11.4 Mbits/sec                  
[  5]  24.11-25.12  sec  1.50 MBytes  12.5 Mbits/sec                  
[  5]  25.12-26.11  sec  1.50 MBytes  12.7 Mbits/sec                  
[  5]  26.11-27.23  sec  1.50 MBytes  11.2 Mbits/sec                  
[  5]  27.23-28.08  sec  4.00 MBytes  39.7 Mbits/sec                  
[  5]  28.08-29.15  sec  2.88 MBytes  22.6 Mbits/sec                  
[  5]  29.15-30.14  sec  1.50 MBytes  12.7 Mbits/sec                  
[  5]  30.14-31.08  sec  1.50 MBytes  13.4 Mbits/sec                  
[  5]  31.08-32.16  sec  1.38 MBytes  10.7 Mbits/sec                  
[  5]  32.16-33.12  sec  1.25 MBytes  10.8 Mbits/sec                  
[  5]  33.12-34.31  sec  1.12 MBytes  7.97 Mbits/sec                  
[  5]  34.31-35.38  sec   768 KBytes  5.88 Mbits/sec                  
[  5]  35.38-36.46  sec   512 KBytes  3.89 Mbits/sec                  
[  5]  36.46-37.40  sec   384 KBytes  3.34 Mbits/sec                  
[  5]  37.40-38.47  sec   384 KBytes  2.93 Mbits/sec                  
[  5]  38.47-39.93  sec   384 KBytes  2.16 Mbits/sec                  
[  5]  39.93-41.00  sec   256 KBytes  1.97 Mbits/sec                  
[  5]  41.00-42.09  sec   256 KBytes  1.92 Mbits/sec                  
[  5]  42.09-43.02  sec  7.75 MBytes  69.5 Mbits/sec                  
[  5]  43.02-44.03  sec  8.00 MBytes  66.7 Mbits/sec                  
[  5]  44.03-45.02  sec  6.88 MBytes  58.4 Mbits/sec                  
[  5]  45.02-46.01  sec  9.12 MBytes  76.8 Mbits/sec                  
[  5]  46.01-47.10  sec  8.00 MBytes  61.7 Mbits/sec                  
[  5]  47.10-48.13  sec  1.75 MBytes  14.2 Mbits/sec                  
[  5]  48.13-49.11  sec  2.00 MBytes  17.1 Mbits/sec                  
[  5]  49.11-50.14  sec  2.00 MBytes  16.3 Mbits/sec                  
[  5]  50.14-51.07  sec  1.62 MBytes  14.7 Mbits/sec                  
[  5]  51.07-52.05  sec  2.12 MBytes  18.2 Mbits/sec                  
[  5]  52.05-53.14  sec  2.62 MBytes  20.2 Mbits/sec                  
[  5]  53.14-54.05  sec  2.38 MBytes  21.9 Mbits/sec                  
[  5]  54.05-55.10  sec  3.00 MBytes  24.0 Mbits/sec                  
[  5]  55.10-56.05  sec  3.25 MBytes  28.7 Mbits/sec                  
[  5]  56.05-57.26  sec  1.62 MBytes  11.2 Mbits/sec                  
[  5]  57.26-58.01  sec  7.75 MBytes  87.2 Mbits/sec                  
[  5]  58.01-59.01  sec  10.0 MBytes  83.7 Mbits/sec                  
[  5]  59.01-60.09  sec  4.38 MBytes  34.1 Mbits/sec                  
[  5]  60.09-61.07  sec  2.12 MBytes  18.1 Mbits/sec                  
[  5]  61.07-62.09  sec  1.75 MBytes  14.5 Mbits/sec                  
[  5]  62.09-63.16  sec  1.38 MBytes  10.7 Mbits/sec                  
[  5]  63.16-64.32  sec   896 KBytes  6.31 Mbits/sec                  
[  5]  64.32-65.35  sec   640 KBytes  5.09 Mbits/sec                  
[  5]  65.35-66.39  sec   640 KBytes  5.05 Mbits/sec                  
[  5]  66.39-67.47  sec   640 KBytes  4.88 Mbits/sec                  
[  5]  67.47-68.36  sec   512 KBytes  4.69 Mbits/sec                  
[  5]  68.36-69.30  sec   640 KBytes  5.57 Mbits/sec                  
[  5]  69.30-70.21  sec   640 KBytes  5.81 Mbits/sec                  
[  5]  70.21-71.34  sec   768 KBytes  5.56 Mbits/sec                  
[  5]  71.34-72.27  sec   640 KBytes  5.63 Mbits/sec                  
[  5]  72.27-73.09  sec  4.75 MBytes  48.4 Mbits/sec                  
[  5]  73.09-74.10  sec  4.25 MBytes  35.3 Mbits/sec                  
[  5]  74.10-75.17  sec  1.88 MBytes  14.7 Mbits/sec                  
[  5]  75.17-76.25  sec  1.00 MBytes  7.76 Mbits/sec                  
[  5]  76.25-77.29  sec   768 KBytes  6.08 Mbits/sec                  
[  5]  77.29-78.29  sec   640 KBytes  5.24 Mbits/sec                  
[  5]  78.29-79.51  sec   640 KBytes  4.31 Mbits/sec                  
[  5]  79.51-80.42  sec   384 KBytes  3.44 Mbits/sec                  
[  5]  80.42-81.44  sec   512 KBytes  4.10 Mbits/sec                  
[  5]  81.44-82.40  sec   512 KBytes  4.40 Mbits/sec                  
[  5]  82.40-83.35  sec   640 KBytes  5.52 Mbits/sec                  
[  5]  83.35-84.47  sec   640 KBytes  4.64 Mbits/sec                  
[  5]  84.47-85.41  sec   512 KBytes  4.48 Mbits/sec                  
[  5]  85.41-86.49  sec   512 KBytes  3.87 Mbits/sec                  
[  5]  86.49-87.29  sec   384 KBytes  3.92 Mbits/sec                  
[  5]  87.29-88.38  sec  1.62 MBytes  12.5 Mbits/sec                  
[  5]  88.38-89.42  sec   384 KBytes  3.04 Mbits/sec                  
[  5]  89.42-90.63  sec   384 KBytes  2.60 Mbits/sec                  
[  5]  90.63-91.65  sec   256 KBytes  2.05 Mbits/sec                  
[  5]  91.65-92.71  sec   256 KBytes  1.99 Mbits/sec                  
[  5]  92.71-93.78  sec   256 KBytes  1.96 Mbits/sec                  
[  5]  93.78-94.77  sec   256 KBytes  2.11 Mbits/sec                  
[  5]  94.77-95.76  sec   256 KBytes  2.13 Mbits/sec                  
[  5]  95.76-96.60  sec   256 KBytes  2.49 Mbits/sec                  
[  5]  96.60-97.52  sec   256 KBytes  2.26 Mbits/sec                  
[  5]  97.52-98.89  sec   384 KBytes  2.30 Mbits/sec                  
[  5]  98.89-99.90  sec   256 KBytes  2.09 Mbits/sec                  
[  5]  99.90-100.93 sec   256 KBytes  2.04 Mbits/sec                  
[  5] 100.93-101.91 sec   256 KBytes  2.14 Mbits/sec                  
[  5] 101.91-102.31 sec   256 KBytes  5.25 Mbits/sec                  
[  5] 102.31-103.21 sec  1.62 MBytes  15.1 Mbits/sec                  
[  5] 103.21-104.40 sec   640 KBytes  4.39 Mbits/sec                  
[  5] 104.40-105.66 sec   512 KBytes  3.34 Mbits/sec                  
[  5] 105.66-106.42 sec   256 KBytes  2.77 Mbits/sec                  
[  5] 106.42-107.65 sec   384 KBytes  2.55 Mbits/sec                  
[  5] 107.65-108.49 sec   256 KBytes  2.50 Mbits/sec                  
[  5] 108.49-109.86 sec   384 KBytes  2.29 Mbits/sec                  
[  5] 109.86-111.09 sec   256 KBytes  1.71 Mbits/sec                  
[  5] 111.09-112.75 sec   384 KBytes  1.90 Mbits/sec                  
[  5] 112.75-113.74 sec   256 KBytes  2.11 Mbits/sec                  
[  5] 113.iperf3: interrupt - the server has terminated
74-114.70 sec   256 KBytes  2.18 Mbits/sec                  
[  5] 114.70-115.66 sec   256 KBytes  2.19 Mbits/sec                  
[  5] 115.66-116.63 sec   256 KBytes  2.16 Mbits/sec                  
[  5] 116.63-117.33 sec   256 KBytes  3.00 Mbits/sec                  
[  5] 117.33-118.16 sec  1.88 MBytes  18.9 Mbits/sec                  
[  5] 118.16-119.52 sec   896 KBytes  5.40 Mbits/sec                  
[  5] 119.52-120.25 sec   384 KBytes  4.33 Mbits/sec                  
- - - - - - - - - - - - - - - - - - - - - - - - -
[ ID] Interval           Transfer     Bitrate
[  5]   0.00-120.25 sec   214 MBytes  14.9 Mbits/sec                  receiver
